I'm sorry, but errors were detected in your script. Please correct the
errors listed below, and try again.


File "game/NPC/Secondary/NostarRosarioWorksheet.rpy", line 187: The if statement is not a valid child of the textbutton statement.
    text_color "#fff1d8" if clue_page == page else "#3e291d"
                           ^

Ren'Py Version: Ren'Py 8.5.2.26010301
Sat Sep 26 12:44:22 2026
